$ python3 -m pip install --break-system-packages -e packages/generate[dev]

Defaulting to user installation because normal site-packages is not writeable
Obtaining file:///workspace/packages/generate
  Installing build dependencies: started
  Installing build dependencies: finished with status 'done'
  Checking if build backend supports build_editable: started
  Checking if build backend supports build_editable: finished with status 'done'
  Getting requirements to build editable: started
  Getting requirements to build editable: finished with status 'done'
  Preparing editable metadata (pyproject.toml): started
  Preparing editable metadata (pyproject.toml): finished with status 'done'
Requirement already satisfied: jsonschema>=4.20 in /home/ubuntu/.local/lib/python3.12/site-packages (from redrob-generate==0.1.0) (4.26.0)
Requirement already satisfied: sympy>=1.12 in /home/ubuntu/.local/lib/python3.12/site-packages (from redrob-generate==0.1.0) (1.14.0)
Requirement already satisfied: pytest>=7.4 in /home/ubuntu/.local/lib/python3.12/site-packages (from redrob-generate==0.1.0) (9.1.1)
Requirement already satisfied: attrs>=22.2.0 in /home/ubuntu/.local/lib/python3.12/site-packages (from jsonschema>=4.20->redrob-generate==0.1.0) (26.1.0)
Requirement already satisfied: jsonschema-specifications>=2023.03.6 in /home/ubuntu/.local/lib/python3.12/site-packages (from jsonschema>=4.20->redrob-generate==0.1.0) (2025.9.1)
Requirement already satisfied: referencing>=0.28.4 in /home/ubuntu/.local/lib/python3.12/site-packages (from jsonschema>=4.20->redrob-generate==0.1.0) (0.37.0)
Requirement already satisfied: rpds-py>=0.25.0 in /home/ubuntu/.local/lib/python3.12/site-packages (from jsonschema>=4.20->redrob-generate==0.1.0) (2026.6.3)
Requirement already satisfied: iniconfig>=1.0.1 in /home/ubuntu/.local/lib/python3.12/site-packages (from pytest>=7.4->redrob-generate==0.1.0) (2.3.0)
Requirement already satisfied: packaging>=22 in /usr/lib/python3/dist-packages (from pytest>=7.4->redrob-generate==0.1.0) (24.0)
Requirement already satisfied: pluggy<2,>=1.5 in /home/ubuntu/.local/lib/python3.12/site-packages (from pytest>=7.4->redrob-generate==0.1.0) (1.6.0)
Requirement already satisfied: pygments>=2.7.2 in /home/ubuntu/.local/lib/python3.12/site-packages (from pytest>=7.4->redrob-generate==0.1.0) (2.20.0)
Requirement already satisfied: mpmath<1.4,>=1.1.0 in /home/ubuntu/.local/lib/python3.12/site-packages (from sympy>=1.12->redrob-generate==0.1.0) (1.3.0)
Requirement already satisfied: typing-extensions>=4.4.0 in /usr/local/lib/python3.12/dist-packages (from referencing>=0.28.4->jsonschema>=4.20->redrob-generate==0.1.0) (4.15.0)
Checking if build backend supports build_editable: started
Checking if build backend supports build_editable: finished with status 'done'
Building wheels for collected packages: redrob-generate
  Building editable for redrob-generate (pyproject.toml): started
  Building editable for redrob-generate (pyproject.toml): finished with status 'done'
  Created wheel for redrob-generate: filename=redrob_generate-0.1.0-0.editable-py3-none-any.whl size=5334 sha256=210a411b3c3fa0e346469fc5cd28242c53789d4328bdbe4f31ff262e3735663a
  Stored in directory: /tmp/pip-ephem-wheel-cache-ag2pzx29/wheels/75/4a/48/5eed3fdd9075695cb7ebc42bf70ab73009eebb7b523ddfd40b
Successfully built redrob-generate
Installing collected packages: redrob-generate
  Attempting uninstall: redrob-generate
    Found existing installation: redrob-generate 0.1.0
    Uninstalling redrob-generate-0.1.0:
      Successfully uninstalled redrob-generate-0.1.0
Successfully installed redrob-generate-0.1.0
